// Jest Snapshot v1, https://goo.gl/fbAQLP

exports[`RepoPage RepoPage be able to render correctly 1`] = `
<View>
  <Text
    accessible={true}
    allowFontScaling={true}
    ellipsizeMode="tail"
  >
    Loading...
  </Text>
</View>
`;
